[0.000000] (-) TimerEvent: {}
[0.000234] (perception_utils) JobQueued: {'identifier': 'perception_utils', 'dependencies': OrderedDict()}
[0.000431] (perception_utils) JobStarted: {'identifier': 'perception_utils'}
[0.009610] (perception_utils) JobProgress: {'identifier': 'perception_utils', 'progress': 'cmake'}
[0.009886] (perception_utils) Command: {'cmd': ['/usr/bin/cmake', '/home/gaoming/Documents/autoIndy/lidar_switited/lidar_switched', '-DCMAKE_INSTALL_PREFIX=/home/gaoming/Documents/autoIndy/lidar_switited/lidar_switched/install/perception_utils'], 'cwd': '/home/gaoming/Documents/autoIndy/lidar_switited/lidar_switched/build/perception_utils', 'env': OrderedDict([('GJS_DEBUG_TOPICS', 'JS ERROR;JS LOG'), ('LESSOPEN', '| /usr/bin/lesspipe %s'), ('USER', 'gaoming'), ('SSH_AGENT_PID', '1658'), ('XDG_SESSION_TYPE', 'x11'), ('SHLVL', '1'), ('LD_LIBRARY_PATH', '/opt/ros/galactic/opt/yaml_cpp_vendor/lib:/opt/ros/galactic/opt/rviz_ogre_vendor/lib:/opt/ros/galactic/lib/x86_64-linux-gnu:/opt/ros/galactic/lib:/usr/local/cuda-10.2/lib64:/usr/local/cuda-10.2/extras/CUPTI/lib64:'), ('HOME', '/home/gaoming'), ('OLDPWD', '/home/gaoming/Documents/autoIndy/lidar_switited'), ('DESKTOP_SESSION', 'ubuntu'), ('ROS_PYTHON_VERSION', '3'), ('GNOME_SHELL_SESSION_MODE', 'ubuntu'), ('GTK_MODULES', 'gail:atk-bridge'), ('MANAGERPID', '1443'), ('DBUS_SESSION_BUS_ADDRESS', 'unix:path=/run/user/1000/bus'), ('COLORTERM', 'truecolor'), ('IM_CONFIG_PHASE', '1'), ('ROS_DISTRO', 'galactic'), ('LOGNAME', 'gaoming'), ('JOURNAL_STREAM', '8:45532'), ('_', '/usr/bin/colcon'), ('ROS_VERSION', '2'), ('XDG_SESSION_CLASS', 'user'), ('USERNAME', 'gaoming'), ('TERM', 'xterm-256color'), ('GNOME_DESKTOP_SESSION_ID', 'this-is-deprecated'), ('ROS_LOCALHOST_ONLY', '0'), ('WINDOWPATH', '2'), ('PATH', '/opt/ros/galactic/bin:/usr/local/cuda-10.2/bin:/home/gaoming/.local/bin:/usr/local/sbin:/usr/local/bin:/usr/sbin:/usr/bin:/sbin:/bin:/usr/games:/usr/local/games:/snap/bin'), ('SESSION_MANAGER', 'local/gaoming-NUC11PHi7:@/tmp/.ICE-unix/1693,unix/gaoming-NUC11PHi7:/tmp/.ICE-unix/1693'), ('INVOCATION_ID', '84cbfe9c0a0642f3b785457b968bd6f3'), ('XDG_MENU_PREFIX', 'gnome-'), ('GNOME_TERMINAL_SCREEN', '/org/gnome/Terminal/screen/5366db68_ac18_4bb3_abcd_b4e977820972'), ('XDG_RUNTIME_DIR', '/run/user/1000'), ('DISPLAY', ':1'), ('LANG', 'en_US.UTF-8'), ('XDG_CURRENT_DESKTOP', 'ubuntu:GNOME'), ('XMODIFIERS', '@im=ibus'), ('XDG_SESSION_DESKTOP', 'ubuntu'), ('XAUTHORITY', '/run/user/1000/gdm/Xauthority'), ('LS_COLORS', 'rs=0:di=01;34:ln=01;36:mh=00:pi=40;33:so=01;35:do=01;35:bd=40;33;01:cd=40;33;01:or=40;31;01:mi=00:su=37;41:sg=30;43:ca=30;41:tw=30;42:ow=34;42:st=37;44:ex=01;32:*.tar=01;31:*.tgz=01;31:*.arc=01;31:*.arj=01;31:*.taz=01;31:*.lha=01;31:*.lz4=01;31:*.lzh=01;31:*.lzma=01;31:*.tlz=01;31:*.txz=01;31:*.tzo=01;31:*.t7z=01;31:*.zip=01;31:*.z=01;31:*.dz=01;31:*.gz=01;31:*.lrz=01;31:*.lz=01;31:*.lzo=01;31:*.xz=01;31:*.zst=01;31:*.tzst=01;31:*.bz2=01;31:*.bz=01;31:*.tbz=01;31:*.tbz2=01;31:*.tz=01;31:*.deb=01;31:*.rpm=01;31:*.jar=01;31:*.war=01;31:*.ear=01;31:*.sar=01;31:*.rar=01;31:*.alz=01;31:*.ace=01;31:*.zoo=01;31:*.cpio=01;31:*.7z=01;31:*.rz=01;31:*.cab=01;31:*.wim=01;31:*.swm=01;31:*.dwm=01;31:*.esd=01;31:*.jpg=01;35:*.jpeg=01;35:*.mjpg=01;35:*.mjpeg=01;35:*.gif=01;35:*.bmp=01;35:*.pbm=01;35:*.pgm=01;35:*.ppm=01;35:*.tga=01;35:*.xbm=01;35:*.xpm=01;35:*.tif=01;35:*.tiff=01;35:*.png=01;35:*.svg=01;35:*.svgz=01;35:*.mng=01;35:*.pcx=01;35:*.mov=01;35:*.mpg=01;35:*.mpeg=01;35:*.m2v=01;35:*.mkv=01;35:*.webm=01;35:*.ogm=01;35:*.mp4=01;35:*.m4v=01;35:*.mp4v=01;35:*.vob=01;35:*.qt=01;35:*.nuv=01;35:*.wmv=01;35:*.asf=01;35:*.rm=01;35:*.rmvb=01;35:*.flc=01;35:*.avi=01;35:*.fli=01;35:*.flv=01;35:*.gl=01;35:*.dl=01;35:*.xcf=01;35:*.xwd=01;35:*.yuv=01;35:*.cgm=01;35:*.emf=01;35:*.ogv=01;35:*.ogx=01;35:*.aac=00;36:*.au=00;36:*.flac=00;36:*.m4a=00;36:*.mid=00;36:*.midi=00;36:*.mka=00;36:*.mp3=00;36:*.mpc=00;36:*.ogg=00;36:*.ra=00;36:*.wav=00;36:*.oga=00;36:*.opus=00;36:*.spx=00;36:*.xspf=00;36:'), ('GNOME_TERMINAL_SERVICE', ':1.82'), ('SSH_AUTH_SOCK', '/run/user/1000/keyring/ssh'), ('AMENT_PREFIX_PATH', '/opt/ros/galactic'), ('SHELL', '/bin/bash'), ('QT_ACCESSIBILITY', '1'), ('GDMSESSION', 'ubuntu'), ('LESSCLOSE', '/usr/bin/lesspipe %s %s'), ('GPG_AGENT_INFO', '/run/user/1000/gnupg/S.gpg-agent:0:1'), ('GJS_DEBUG_OUTPUT', 'stderr'), ('QT_IM_MODULE', 'ibus'), ('PWD', '/home/gaoming/Documents/autoIndy/lidar_switited/lidar_switched/build/perception_utils'), ('LC_ALL', 'en_US.UTF-8'), ('CUDA_HOME', '/usr/local/cuda-10.2'), ('XDG_CONFIG_DIRS', '/etc/xdg/xdg-ubuntu:/etc/xdg'), ('XDG_DATA_DIRS', '/usr/share/ubuntu:/usr/local/share/:/usr/share/:/var/lib/snapd/desktop'), ('PYTHONPATH', '/opt/ros/galactic/lib/python3.8/site-packages'), ('COLCON', '1'), ('VTE_VERSION', '6003')]), 'shell': False}
[0.073504] (perception_utils) StdoutLine: {'line': b'-- The C compiler identification is GNU 7.5.0\n'}
[0.099948] (-) TimerEvent: {}
[0.121793] (perception_utils) StdoutLine: {'line': b'-- The CXX compiler identification is GNU 7.5.0\n'}
[0.126637] (perception_utils) StdoutLine: {'line': b'-- Check for working C compiler: /usr/bin/cc\n'}
[0.177658] (perception_utils) StdoutLine: {'line': b'-- Check for working C compiler: /usr/bin/cc -- works\n'}
[0.178642] (perception_utils) StdoutLine: {'line': b'-- Detecting C compiler ABI info\n'}
[0.200209] (-) TimerEvent: {}
[0.225160] (perception_utils) StdoutLine: {'line': b'-- Detecting C compiler ABI info - done\n'}
[0.232863] (perception_utils) StdoutLine: {'line': b'-- Detecting C compile features\n'}
[0.233141] (perception_utils) StdoutLine: {'line': b'-- Detecting C compile features - done\n'}
[0.235170] (perception_utils) StdoutLine: {'line': b'-- Check for working CXX compiler: /usr/bin/c++\n'}
[0.289249] (perception_utils) StdoutLine: {'line': b'-- Check for working CXX compiler: /usr/bin/c++ -- works\n'}
[0.290036] (perception_utils) StdoutLine: {'line': b'-- Detecting CXX compiler ABI info\n'}
[0.300306] (-) TimerEvent: {}
[0.349057] (perception_utils) StdoutLine: {'line': b'-- Detecting CXX compiler ABI info - done\n'}
[0.356816] (perception_utils) StdoutLine: {'line': b'-- Detecting CXX compile features\n'}
[0.357169] (perception_utils) StdoutLine: {'line': b'-- Detecting CXX compile features - done\n'}
[0.360579] (perception_utils) StdoutLine: {'line': b'-- Found ament_cmake: 1.1.4 (/opt/ros/galactic/share/ament_cmake/cmake)\n'}
[0.381236] (perception_utils) StdoutLine: {'line': b'-- Found PythonInterp: /usr/bin/python3 (found suitable version "3.8.10", minimum required is "3") \n'}
[0.381409] (perception_utils) StdoutLine: {'line': b'-- Using PYTHON_EXECUTABLE: /usr/bin/python3\n'}
[0.400464] (-) TimerEvent: {}
[0.441474] (perception_utils) StdoutLine: {'line': b'-- Found rclcpp: 9.2.0 (/opt/ros/galactic/share/rclcpp/cmake)\n'}
[0.480885] (perception_utils) StdoutLine: {'line': b'-- Using all available rosidl_typesupport_c: rosidl_typesupport_fastrtps_c;rosidl_typesupport_introspection_c\n'}
[0.486972] (perception_utils) StdoutLine: {'line': b'-- Found rosidl_adapter: 2.2.1 (/opt/ros/galactic/share/rosidl_adapter/cmake)\n'}
[0.500577] (-) TimerEvent: {}
[0.544792] (perception_utils) StdoutLine: {'line': b'-- Found OpenSSL: /usr/lib/x86_64-linux-gnu/libcrypto.so (found version "1.1.1f")  \n'}
[0.566701] (perception_utils) StdoutLine: {'line': b'-- Found FastRTPS: /opt/ros/galactic/include  \n'}
[0.600758] (-) TimerEvent: {}
[0.623160] (perception_utils) StdoutLine: {'line': b'-- Using all available rosidl_typesupport_cpp: rosidl_typesupport_fastrtps_cpp;rosidl_typesupport_introspection_cpp\n'}
[0.669239] (perception_utils) StdoutLine: {'line': b'-- Found rmw_implementation_cmake: 3.3.1 (/opt/ros/galactic/share/rmw_implementation_cmake/cmake)\n'}
[0.671585] (perception_utils) StdoutLine: {'line': b'-- Found rmw_cyclonedds_cpp: 0.22.3 (/opt/ros/galactic/share/rmw_cyclonedds_cpp/cmake)\n'}
[0.685725] (perception_utils) StdoutLine: {'line': b"-- Using RMW implementation 'rmw_cyclonedds_cpp' as default\n"}
[0.686692] (perception_utils) StdoutLine: {'line': b'-- Looking for pthread.h\n'}
[0.700896] (-) TimerEvent: {}
[0.736626] (perception_utils) StdoutLine: {'line': b'-- Looking for pthread.h - found\n'}
[0.736844] (perception_utils) StdoutLine: {'line': b'-- Performing Test CMAKE_HAVE_LIBC_PTHREAD\n'}
[0.789016] (perception_utils) StdoutLine: {'line': b'-- Performing Test CMAKE_HAVE_LIBC_PTHREAD - Failed\n'}
[0.789216] (perception_utils) StdoutLine: {'line': b'-- Looking for pthread_create in pthreads\n'}
[0.801010] (-) TimerEvent: {}
[0.832451] (perception_utils) StdoutLine: {'line': b'-- Looking for pthread_create in pthreads - not found\n'}
[0.832633] (perception_utils) StdoutLine: {'line': b'-- Looking for pthread_create in pthread\n'}
[0.883965] (perception_utils) StdoutLine: {'line': b'-- Looking for pthread_create in pthread - found\n'}
[0.884694] (perception_utils) StdoutLine: {'line': b'-- Found Threads: TRUE  \n'}
[0.901370] (-) TimerEvent: {}
[0.985130] (perception_utils) StdoutLine: {'line': b'-- Found sensor_msgs: 2.2.3 (/opt/ros/galactic/share/sensor_msgs/cmake)\n'}
[1.001463] (-) TimerEvent: {}
[1.073046] (perception_utils) StdoutLine: {'line': b'-- Found message_filters: 3.2.6 (/opt/ros/galactic/share/message_filters/cmake)\n'}
[1.080240] (perception_utils) StdoutLine: {'line': b'-- Found eigen3_cmake_module: 0.1.1 (/opt/ros/galactic/share/eigen3_cmake_module/cmake)\n'}
[1.082926] (perception_utils) StdoutLine: {'line': b'-- Found Eigen3: TRUE (found version "3.3.7") \n'}
[1.083987] (perception_utils) StdoutLine: {'line': b'-- Found ament_lint_auto: 0.10.6 (/opt/ros/galactic/share/ament_lint_auto/cmake)\n'}
[1.101559] (-) TimerEvent: {}
[1.116962] (perception_utils) StderrLine: {'line': b"Error parsing '/home/gaoming/Documents/autoIndy/lidar_switited/lidar_switched/package.xml':\n"}
[1.201728] (-) TimerEvent: {}
[1.222602] (perception_utils) StderrLine: {'line': b'Traceback (most recent call last):\n'}
[1.222830] (perception_utils) StderrLine: {'line': b'  File "/usr/lib/python3/dist-packages/catkin_pkg/package.py", line 597, in parse_package_string\n'}
[1.222909] (perception_utils) StderrLine: {'line': b'    root = dom.parseString(data)\n'}
[1.222969] (perception_utils) StderrLine: {'line': b'  File "/usr/lib/python3.8/xml/dom/minidom.py", line 1969, in parseString\n'}
[1.223027] (perception_utils) StderrLine: {'line': b'    return expatbuilder.parseString(string)\n'}
[1.223084] (perception_utils) StderrLine: {'line': b'  File "/usr/lib/python3.8/xml/dom/expatbuilder.py", line 925, in parseString\n'}
[1.223141] (perception_utils) StderrLine: {'line': b'    return builder.parseString(string)\n'}
[1.223198] (perception_utils) StderrLine: {'line': b'  File "/usr/lib/python3.8/xml/dom/expatbuilder.py", line 223, in parseString\n'}
[1.223249] (perception_utils) StderrLine: {'line': b'    parser.Parse(string, True)\n'}
[1.223295] (perception_utils) StderrLine: {'line': b'xml.parsers.expat.ExpatError: junk after document element: line 23, column 2\n'}
[1.223341] (perception_utils) StderrLine: {'line': b'\n'}
[1.223392] (perception_utils) StderrLine: {'line': b'During handling of the above exception, another exception occurred:\n'}
[1.223437] (perception_utils) StderrLine: {'line': b'\n'}
[1.223483] (perception_utils) StderrLine: {'line': b'Traceback (most recent call last):\n'}
[1.223530] (perception_utils) StderrLine: {'line': b'  File "/opt/ros/galactic/share/ament_cmake_core/cmake/core/package_xml_2_cmake.py", line 151, in <module>\n'}
[1.223576] (perception_utils) StderrLine: {'line': b'    main()\n'}
[1.223622] (perception_utils) StderrLine: {'line': b'  File "/opt/ros/galactic/share/ament_cmake_core/cmake/core/package_xml_2_cmake.py", line 54, in main\n'}
[1.223676] (perception_utils) StderrLine: {'line': b'    raise e\n'}
[1.223724] (perception_utils) StderrLine: {'line': b'  File "/opt/ros/galactic/share/ament_cmake_core/cmake/core/package_xml_2_cmake.py", line 50, in main\n'}
[1.223771] (perception_utils) StderrLine: {'line': b'    package = parse_package_string(\n'}
[1.223819] (perception_utils) StderrLine: {'line': b'  File "/usr/lib/python3/dist-packages/catkin_pkg/package.py", line 599, in parse_package_string\n'}
[1.223866] (perception_utils) StderrLine: {'line': b"    raise InvalidPackage('The manifest contains invalid XML:\\n%s' % ex, filename)\n"}
[1.223915] (perception_utils) StderrLine: {'line': b"catkin_pkg.package.InvalidPackage: Error(s) in package '/home/gaoming/Documents/autoIndy/lidar_switited/lidar_switched/package.xml':\n"}
[1.223966] (perception_utils) StderrLine: {'line': b'The manifest contains invalid XML:\n'}
[1.224012] (perception_utils) StderrLine: {'line': b'junk after document element: line 23, column 2\n'}
[1.239660] (perception_utils) StderrLine: {'line': b'CMake Error at /opt/ros/galactic/share/ament_cmake_core/cmake/core/ament_package_xml.cmake:94 (message):\n'}
[1.239865] (perception_utils) StderrLine: {'line': b'  execute_process(/usr/bin/python3\n'}
[1.239932] (perception_utils) StderrLine: {'line': b'  /opt/ros/galactic/share/ament_cmake_core/cmake/core/package_xml_2_cmake.py\n'}
[1.239989] (perception_utils) StderrLine: {'line': b'  /home/gaoming/Documents/autoIndy/lidar_switited/lidar_switched/package.xml\n'}
[1.240056] (perception_utils) StderrLine: {'line': b'  /home/gaoming/Documents/autoIndy/lidar_switited/lidar_switched/build/perception_utils/ament_cmake_core/package.cmake)\n'}
[1.240111] (perception_utils) StderrLine: {'line': b'  returned error code 1\n'}
[1.240165] (perception_utils) StderrLine: {'line': b'Call Stack (most recent call first):\n'}
[1.240220] (perception_utils) StderrLine: {'line': b'  /opt/ros/galactic/share/ament_cmake_core/cmake/core/ament_package_xml.cmake:49 (_ament_package_xml)\n'}
[1.240275] (perception_utils) StderrLine: {'line': b'  /opt/ros/galactic/share/ament_lint_auto/cmake/ament_lint_auto_find_test_dependencies.cmake:31 (ament_package_xml)\n'}
[1.240328] (perception_utils) StderrLine: {'line': b'  CMakeLists.txt:26 (ament_lint_auto_find_test_dependencies)\n'}
[1.240385] (perception_utils) StderrLine: {'line': b'\n'}
[1.240439] (perception_utils) StderrLine: {'line': b'\n'}
[1.241007] (perception_utils) StdoutLine: {'line': b'-- Configuring incomplete, errors occurred!\n'}
[1.241076] (perception_utils) StdoutLine: {'line': b'See also "/home/gaoming/Documents/autoIndy/lidar_switited/lidar_switched/build/perception_utils/CMakeFiles/CMakeOutput.log".\n'}
[1.241126] (perception_utils) StdoutLine: {'line': b'See also "/home/gaoming/Documents/autoIndy/lidar_switited/lidar_switched/build/perception_utils/CMakeFiles/CMakeError.log".\n'}
[1.248217] (perception_utils) CommandEnded: {'returncode': 1}
[1.248906] (perception_utils) JobEnded: {'identifier': 'perception_utils', 'rc': 1}
[1.259798] (-) EventReactorShutdown: {}
